---
source: tests/test_check_insta.rs
expression: "&json_results"
---
[
  {
    "loc": "00149:6-11",
    "source": 1,
    "nestingRange": "149:12-178:0",
    "syntax": "def,type",
    "pretty": "type outerNS::Thing",
    "sym": "T_outerNS::Thing"
  },
  {
    "loc": "00149:6-11",
    "target": 1,
    "kind": "def",
    "pretty": "outerNS::Thing",
    "sym": "T_outerNS::Thing",
    "peekRange": "149-149"
  }
]
