---
source: tests/test_check_insta.rs
expression: "&jv.value"
---
{
  "normal": {
    "Definitions (outerNS::AbstractArt::beArt)": [
      {
        "path": "big_cpp.cpp",
        "lines": [
          {
            "lno": 438,
            "bounds": [
              13,
              18
            ],
            "line": "virtual void beArt() = 0;",
            "context": "outerNS::AbstractArt",
            "contextsym": "T_outerNS::AbstractArt",
            "peekRange": "436-438"
          }
        ]
      }
    ],
    "Overridden By (outerNS::AbstractArt::beArt)": [
      {
        "path": "big_cpp.cpp",
        "lines": [
          {
            "lno": 447,
            "bounds": [
              5,
              10
            ],
            "line": "void beArt() override {",
            "context": "outerNS::PracticalArt",
            "contextsym": "T_outerNS::PracticalArt",
            "peekRange": "446-447",
            "upsearch": "symbol:_ZN7outerNS12PracticalArt5beArtEv"
          }
        ]
      }
    ]
  },
  "*title*": "outerNS::AbstractArt::beArt",
  "*timedout*": false
}
