---
source: tests/test_check_insta.rs
expression: "&jv.value"
---
{
  "normal": {
    "Definitions (outerNS::Human)": [
      {
        "path": "big_cpp.cpp",
        "lines": [
          {
            "lno": 193,
            "bounds": [
              6,
              11
            ],
            "line": "class Human: public Thing {",
            "context": "",
            "contextsym": "",
            "peekRange": "193-193"
          }
        ]
      }
    ],
    "Superclasses (outerNS::Human)": [
      {
        "path": "big_cpp.cpp",
        "lines": [
          {
            "lno": 149,
            "bounds": [
              6,
              11
            ],
            "line": "class Thing {",
            "context": "",
            "contextsym": "",
            "peekRange": "149-149",
            "upsearch": "symbol:T_outerNS::Thing"
          }
        ]
      }
    ],
    "Subclasses (outerNS::Human)": [
      {
        "path": "big_cpp.cpp",
        "lines": [
          {
            "lno": 202,
            "bounds": [
              6,
              11
            ],
            "line": "class Superhero : public Human {",
            "context": "",
            "contextsym": "",
            "peekRange": "202-202",
            "upsearch": "symbol:T_outerNS::Superhero"
          }
        ]
      }
    ],
    "Uses (outerNS::Human)": [
      {
        "path": "big_cpp.cpp",
        "lines": [
          {
            "lno": 206,
            "bounds": [
              2,
              7
            ],
            "line": ": Human() {",
            "context": "outerNS::Superhero::Superhero",
            "contextsym": "_ZN7outerNS9SuperheroC1Ev"
          },
          {
            "lno": 227,
            "bounds": [
              0,
              5
            ],
            "line": "Human bob;",
            "context": "outerNS::Couch::Couch",
            "contextsym": "_ZN7outerNS5CouchC1Ei"
          },
          {
            "lno": 228,
            "bounds": [
              16,
              21
            ],
            "line": "WhatsYourVector<Human> goodReferenceRight(&bob);",
            "context": "outerNS::Couch::Couch",
            "contextsym": "_ZN7outerNS5CouchC1Ei"
          },
          {
            "lno": 354,
            "bounds": [
              10,
              15
            ],
            "line": "void meet(Human &human) {",
            "context": "outerNS::OuterCat::meet",
            "contextsym": "_ZN7outerNS8OuterCat4meetERNS_5HumanE"
          }
        ]
      }
    ]
  },
  "*title*": "outerNS::Human",
  "*timedout*": false
}
